[201] Register (POST /api/v1/register)
[200] Login (POST /api/v1/login)
[200] Current User (GET /api/v1/current)
[201] Create Resume (POST /api/v2/resume)
[500] Gen AI Suggestion (POST /api/v3/gen)
  Error: {
  success: false,
  message: 'AI suggestion generation failed.',
  error: '400 "Model not found: grok-2-latest"'
}
[500] Create Profile Detail (POST /api/v4/prof)
  Error: {
  success: false,
  message: 'Details validation failed: Proficiency: `High` is not a valid enum value for path `Proficiency`.'
}
[500] Interview Gen (POST /api/v5/interview/generate)
  Error: { success: false, message: '400 "Model not found: grok-2-latest"' }
[500] Interview Feedback (POST /api/v5/interview/feedback)
  Error: {
  success: false,
  message: 'Error getting feedback',
  error: '400 "Model not found: grok-2-latest"'
}
[200] Logout (GET /api/v1/logout)
